Microchip MPLAB XC8 Compiler V1.34 ()

Linker command line:

--edf=C:\Program Files (x86)\Microchip\xc8\v1.34\dat\en_msgs.txt -cs \
  -h+dist/default/production\Test.X.production.sym \
  --cmf=dist/default/production\Test.X.production.cmf -z -Q18F46K22 \
  -oC:\Users\pc\AppData\Local\Temp\sba8.6 \
  -Mdist/default/production/Test.X.production.map -E1 -ver=XC8 \
  -ASTACK=0F8h-0d09h -pstack=STACK -ACODE=00h-0FFFFh -ACONST=00h-0FFFFh \
  -ASMALLCONST=01000h-010FFhx240 -AMEDIUMCONST=01000h-0FFFFh \
  -ACOMRAM=01h-05Fh -AABS1=00h-0F37h -ABIGRAM=01h-0F37h \
  -ARAM=060h-0FFh,0100h-01FFhx14,0F00h-0F37h -ABANK0=060h-0FFh \
  -ABANK1=0100h-01FFh -ABANK2=0200h-02FFh -ABANK3=0300h-03FFh \
  -ABANK4=0400h-04FFh -ABANK5=0500h-05FFh -ABANK6=0600h-06FFh \
  -ABANK7=0700h-07FFh -ABANK8=0800h-08FFh -ABANK9=0900h-09FFh \
  -ABANK10=0A00h-0AFFh -ABANK11=0B00h-0BFFh -ABANK12=0C00h-0CFFh \
  -ABANK13=0D00h-0DFFh -ABANK14=0E00h-0EFFh -ABANK15=0F00h-0F37h \
  -ASFR=0F38h-0F5Fh,0F60h-0FFFh \
  -preset_vec=00h,intcode,intcodelo,powerup,init,end_init -pramtop=01000h \
  -psmallconst=SMALLCONST -pmediumconst=MEDIUMCONST -pconst=CONST \
  -AFARRAM=00h-00h -ACONFIG=0300000h-030000Dh -pconfig=CONFIG \
  -AIDLOC=0200000h-0200007h -pidloc=IDLOC -AEEDATA=0F00000h-0F003FFh \
  -peeprom_data=EEDATA \
  -prdata=COMRAM,nvrram=COMRAM,nvbit=COMRAM,rbss=COMRAM,rbit=COMRAM \
  -pfarbss=FARRAM,fardata=FARRAM,nvFARRAM=FARRAM \
  -pintsave_regs=BIGRAM,bigbss=BIGRAM,bigdata=BIGRAM -pbss=RAM \
  -pidata=CODE,irdata=CODE,ibigdata=CODE,ifardata=CODE -prparam=COMRAM \
  C:\Users\pc\AppData\Local\Temp\sba8.obj \
  dist/default/production\Test.X.production.obj 

Object code version is 3.11

Machine type is 18F46K22

Call graph: (short form)




                Name                               Link     Load   Length Selector   Space Scale
C:\Users\pc\AppData\Local\Temp\sba8.obj
                end_init                              0        0        4        0       0
                idloc                            200000   200000        8   200000       0
                config                           300000   300000        E   300000       0
dist/default/production\Test.X.production.obj
                smallconst                         1000     1000       2A      800       0
                text52                             670C     670C        E      815       0
                text51                             64D6     64D6       48      815       0
                text50                             66FE     66FE        E      815       0
                text49                             66F0     66F0        E      815       0
                text48                             66D0     66D0       12      815       0
                text47                             6340     6340       74      815       0
                text46                             671A     671A        C      815       0
                text45                             6564     6564       42      815       0
                text44                             669A     669A       22      815       0
                text43                             6114     6114       90      815       0
                text42                             651E     651E       46      815       0
                text41                             5BF2     5BF2       D8      815       0
                text40                             61A4     61A4       8E      815       0
                text39                             557A     557A      142      815       0
                text38                             52B0     52B0      174      815       0
                text37                             5FD2     5FD2       AC      815       0
                text36                             6648     6648       2A      815       0
                text35                             6672     6672       28      815       0
                text34                             3160     3160      4C2      815       0
                text33                             661A     661A       2E      815       0
                text32                             4DB0     4DB0      1C6      815       0
                text31                             66BC     66BC       14      815       0
                text30                             607E     607E       96      815       0
                text29                             5424     5424      156      815       0
                text28                             65A6     65A6       3C      815       0
                text27                             6232     6232       8C      815       0
                text26                             6426     6426       5A      815       0
                text25                             5E60     5E60       BC      815       0
                text24                             4240     4240      386      815       0
                text23                             3A72     3A72      418      815       0
                text22                             3E8A     3E8A      3B6      815       0
                text21                             24E2     24E2      7BA      815       0
                text20                             5A18     5A18       F2      815       0
                text19                             66E2     66E2        E      815       0
                text18                             4B9C     4B9C      214      815       0
                text17                             5900     5900      118      815       0
                text16                             102A     102A      B84      815       0
                text15                             5F1C     5F1C       B6      815       0
                text14                             2C9C     2C9C      4C4      815       0
                text13                             45C6     45C6      31E      815       0
                text12                             56BC     56BC      12A      815       0
                text11                             5D9C     5D9C       C4      815       0
                text10                             5B0A     5B0A       E8      815       0
                text9                              6480     6480       56      815       0
                text8                              48E4     48E4      2B8      815       0
                text7                              63B4     63B4       72      815       0
                text6                              57E6     57E6      11A      815       0
                text5                              62BE     62BE       82      815       0
                text4                              4F76     4F76      1C4      815       0
                text3                              513A     513A      176      815       0
                text2                              3622     3622      450      815       0
                text1                              1BAE     1BAE      934      815       0
                text0                              5CCA     5CCA       D2      815       0
                cstackCOMRAM                          1        1       5F        1       1
                cstackBANK0                          60       60       72       60       1
                bssBIGRAM                           D0A      D0A      22E      D0A       1
                dataBANK0                            F7       F7        1       60       1
                bssBANK0                             D2       D2       25       60       1
                cinit                              65E2     65E2       38      815       0
                idataBANK0                         6726     6726        1      815       0

TOTAL           Name                               Link     Load   Length     Space
        CLASS   STACK          

        CLASS   CODE           
                end_init                              0        0        4         0
                text52                             670C     670C        E         0
                text51                             64D6     64D6       48         0
                text50                             66FE     66FE        E         0
                text49                             66F0     66F0        E         0
                text48                             66D0     66D0       12         0
                text47                             6340     6340       74         0
                text46                             671A     671A        C         0
                text45                             6564     6564       42         0
                text44                             669A     669A       22         0
                text43                             6114     6114       90         0
                text42                             651E     651E       46         0
                text41                             5BF2     5BF2       D8         0
                text40                             61A4     61A4       8E         0
                text39                             557A     557A      142         0
                text38                             52B0     52B0      174         0
                text37                             5FD2     5FD2       AC         0
                text36                             6648     6648       2A         0
                text35                             6672     6672       28         0
                text34                             3160     3160      4C2         0
                text33                             661A     661A       2E         0
                text32                             4DB0     4DB0      1C6         0
                text31                             66BC     66BC       14         0
                text30                             607E     607E       96         0
                text29                             5424     5424      156         0
                text28                             65A6     65A6       3C         0
                text27                             6232     6232       8C         0
                text26                             6426     6426       5A         0
                text25                             5E60     5E60       BC         0
                text24                             4240     4240      386         0
                text23                             3A72     3A72      418         0
                text22                             3E8A     3E8A      3B6         0
                text21                             24E2     24E2      7BA         0
                text20                             5A18     5A18       F2         0
                text19                             66E2     66E2        E         0
                text18                             4B9C     4B9C      214         0
                text17                             5900     5900      118         0
                text16                             102A     102A      B84         0
                text15                             5F1C     5F1C       B6         0
                text14                             2C9C     2C9C      4C4         0
                text13                             45C6     45C6      31E         0
                text12                             56BC     56BC      12A         0
                text11                             5D9C     5D9C       C4         0
                text10                             5B0A     5B0A       E8         0
                text9                              6480     6480       56         0
                text8                              48E4     48E4      2B8         0
                text7                              63B4     63B4       72         0
                text6                              57E6     57E6      11A         0
                text5                              62BE     62BE       82         0
                text4                              4F76     4F76      1C4         0
                text3                              513A     513A      176         0
                text2                              3622     3622      450         0
                text1                              1BAE     1BAE      934         0
                text0                              5CCA     5CCA       D2         0
                cinit                              65E2     65E2       38         0
                idataBANK0                         6726     6726        1         0

        CLASS   CONST          

        CLASS   SMALLCONST     
                smallconst                         1000     1000       2A         0

        CLASS   MEDIUMCONST    

        CLASS   COMRAM         
                cstackCOMRAM                          1        1       5F         1

        CLASS   ABS1           

        CLASS   BIGRAM         
                bssBIGRAM                           D0A      D0A      22E         1

        CLASS   RAM            

        CLASS   BANK0          
                cstackBANK0                          60       60       72         1
                dataBANK0                            F7       F7        1         1
                bssBANK0                             D2       D2       25         1

        CLASS   BANK1          

        CLASS   BANK2          

        CLASS   BANK3          

        CLASS   BANK4          

        CLASS   BANK5          

        CLASS   BANK6          

        CLASS   BANK7          

        CLASS   BANK8          

        CLASS   BANK9          

        CLASS   BANK10         

        CLASS   BANK11         

        CLASS   BANK12         

        CLASS   BANK13         

        CLASS   BANK14         

        CLASS   BANK15         

        CLASS   SFR            

        CLASS   FARRAM         

        CLASS   CONFIG         
                config                           300000   300000        E         0

        CLASS   IDLOC          
                idloc                            200000   200000        8         0

        CLASS   EEDATA         



SEGMENTS        Name                           Load    Length   Top    Selector   Space  Class

                reset_vec                      000000  000004  000004         0       0  CODE    
                cstackCOMRAM                   000001  00005F  000060         1       1  COMRAM  
                cstackBANK0                    000060  000098  0000F8        60       1  BANK0   
                bssBIGRAM                      000D0A  00022E  000F38       D0A       1  BIGRAM  
                smallconst                     001000  00002A  00102A       800       0  SMALLCON
                text16                         00102A  0056FD  006727       815       0  CODE    
                idloc                          200000  000008  200008    200000       0  IDLOC   
                config                         300000  00000E  30000E    300000       0  CONFIG  


UNUSED ADDRESS RANGES

        Name                Unused          Largest block    Delta
        BANK0            0000F8-0000FF                8
        BANK1            000100-0001FF              100
        BANK10           000A00-000AFF              100
        BANK11           000B00-000BFF              100
        BANK12           000C00-000CFF              100
        BANK13           000D00-000D09                A
        BANK2            000200-0002FF              100
        BANK3            000300-0003FF              100
        BANK4            000400-0004FF              100
        BANK5            000500-0005FF              100
        BANK6            000600-0006FF              100
        BANK7            000700-0007FF              100
        BANK8            000800-0008FF              100
        BANK9            000900-0009FF              100
        BIGRAM           0000F8-000D09              C12
        CODE             000004-000FFF              FFC
                         006727-00FFFF             98D9
        CONST            000004-000FFF              FFC
                         006727-00FFFF             98D9
        EEDATA           F00000-F003FF              400
        MEDIUMCONST      006727-00FFFF             98D9
        RAM              0000F8-000D09              100
        SFR              000F38-000FFF               28
        SMALLCONST       006727-00FFFF              100
        STACK            0000F8-000D09              C12

                                  Symbol Table

?___lldiv                        cstackCOMRAM 000001
?___lmul                         cstackCOMRAM 000001
?___wmul                         cstackCOMRAM 000001
?_chk_chr                        cstackCOMRAM 000001
?_clust2sect                     cstackCOMRAM 00000D
?_create_chain                   cstackCOMRAM 000056
?_get_fat                        cstackCOMRAM 00003B
?_get_ldnumber                   cstackCOMRAM 000001
?_ld_clust                       cstackCOMRAM 000001
?_mem_cmp                        cstackCOMRAM 000001
SPI1_Exchange8bit@data           cstackCOMRAM 000001
_ANSELA                          (abs)        000F38
_ANSELB                          (abs)        000F39
_ANSELC                          (abs)        000F3A
_ANSELD                          (abs)        000F3B
_ANSELE                          (abs)        000F3C
_CardType                        bssBANK0     0000D6
_FatFs                           bssBIGRAM    000D0A
_Fil                             bssBANK0     0000D7
_Fsid                            bssBANK0     0000D2
_INTCON2bits                     (abs)        000FF1
_LATA                            (abs)        000F89
_LATB                            (abs)        000F8A
_LATB0                           (abs)        007C50
_LATC                            (abs)        000F8B
_LATC0                           (abs)        007C58
_LATD                            (abs)        000F8C
_LATE                            (abs)        000F8D
_OSCCON                          (abs)        000FD3
_OSCCON2                         (abs)        000FD2
_OSCILLATOR_Initialize           text52       00670C
_OSCTUNE                         (abs)        000F9B
_PIN_MANAGER_Initialize          text51       0064D6
_SPI1_Exchange8bit               text48       0066D0
_SPI1_Initialize                 text50       0066FE
_SPI1_Open                       text19       0066E2
_SSP1ADD                         (abs)        000FC8
_SSP1BUF                         (abs)        000FC9
_SSP1CON1                        (abs)        000FC6
_SSP1CON1bits                    (abs)        000FC6
_SSP1STAT                        (abs)        000FC7
_SSP1STATbits                    (abs)        000FC7
_SYSTEM_Initialize               text49       0066F0
_Stat                            dataBANK0    0000F7
_TRISA                           (abs)        000F92
_TRISB                           (abs)        000F93
_TRISC                           (abs)        000F94
_TRISD                           (abs)        000F95
_TRISE                           (abs)        000F96
_WPUB                            (abs)        000F61
__CFG_BOREN$SBORDIS              (abs)        000000
__CFG_BORV$190                   (abs)        000000
__CFG_CCP2MX$PORTC1              (abs)        000000
__CFG_CCP3MX$PORTB5              (abs)        000000
__CFG_CP0$OFF                    (abs)        000000
__CFG_CP1$OFF                    (abs)        000000
__CFG_CP2$OFF                    (abs)        000000
__CFG_CP3$OFF                    (abs)        000000
__CFG_CPB$OFF                    (abs)        000000
__CFG_CPD$OFF                    (abs)        000000
__CFG_DEBUG$OFF                  (abs)        000000
__CFG_EBTR0$OFF                  (abs)        000000
__CFG_EBTR1$OFF                  (abs)        000000
__CFG_EBTR2$OFF                  (abs)        000000
__CFG_EBTR3$OFF                  (abs)        000000
__CFG_EBTRB$OFF                  (abs)        000000
__CFG_FCMEN$ON                   (abs)        000000
__CFG_FOSC$INTIO67               (abs)        000000
__CFG_HFOFST$ON                  (abs)        000000
__CFG_IESO$OFF                   (abs)        000000
__CFG_LVP$OFF                    (abs)        000000
__CFG_MCLRE$INTMCLR              (abs)        000000
__CFG_P2BMX$PORTD2               (abs)        000000
__CFG_PBADEN$OFF                 (abs)        000000
__CFG_PLLCFG$OFF                 (abs)        000000
__CFG_PRICLKEN$OFF               (abs)        000000
__CFG_PWRTEN$ON                  (abs)        000000
__CFG_STVREN$ON                  (abs)        000000
__CFG_T3CMX$PORTC0               (abs)        000000
__CFG_WDTEN$OFF                  (abs)        000000
__CFG_WDTPS$32768                (abs)        000000
__CFG_WRT0$OFF                   (abs)        000000
__CFG_WRT1$OFF                   (abs)        000000
__CFG_WRT2$OFF                   (abs)        000000
__CFG_WRT3$OFF                   (abs)        000000
__CFG_WRTB$OFF                   (abs)        000000
__CFG_WRTC$OFF                   (abs)        000000
__CFG_WRTD$OFF                   (abs)        000000
__CFG_XINST$OFF                  (abs)        000000
__HRAM                           (abs)        000000
__Habs1                          abs1         000000
__Hbank0                         bank0        000000
__Hbank1                         bank1        000000
__Hbank10                        bank10       000000
__Hbank11                        bank11       000000
__Hbank12                        bank12       000000
__Hbank13                        bank13       000000
__Hbank14                        bank14       000000
__Hbank15                        bank15       000000
__Hbank2                         bank2        000000
__Hbank3                         bank3        000000
__Hbank4                         bank4        000000
__Hbank5                         bank5        000000
__Hbank6                         bank6        000000
__Hbank7                         bank7        000000
__Hbank8                         bank8        000000
__Hbank9                         bank9        000000
__Hbigbss                        bigbss       000000
__Hbigdata                       bigdata      000000
__Hbigram                        bigram       000000
__Hbss                           bss          000000
__HbssBANK0                      bssBANK0     000000
__HbssBIGRAM                     bssBIGRAM    000000
__Hcinit                         cinit        000000
__Hclrtext                       clrtext      000000
__Hcomram                        comram       000000
__Hconfig                        config       30000E
__Hconst                         const        000000
__HcstackBANK0                   cstackBANK0  000000
__HcstackCOMRAM                  cstackCOMRAM 000000
__Hdata                          data         000000
__HdataBANK0                     dataBANK0    000000
__Heeprom_data                   eeprom_data  000000
__Hend_init                      end_init     000004
__Hfarbss                        farbss       000000
__Hfardata                       fardata      000000
__Hibigdata                      ibigdata     000000
__Hidata                         idata        000000
__HidataBANK0                    idataBANK0   000000
__Hidloc                         idloc        200008
__Hifardata                      ifardata     000000
__Hinit                          init         000000
__Hintcode                       intcode      000000
__Hintcode_body                  intcode_body 000000
__Hintcodelo                     intcodelo    000000
__Hintentry                      intentry     000000
__Hintret                        intret       000000
__Hintsave_regs                  intsave_regs 000000
__Hirdata                        irdata       000000
__Hmediumconst                   mediumconst  000000
__HnvFARRAM                      nvFARRAM     000000
__Hnvbit                         nvbit        000000
__Hnvrram                        nvrram       000000
__Hparam                         rparam       000000
__Hpowerup                       powerup      000000
__Hram                           ram          000000
__Hramtop                        ramtop       001000
__Hrbit                          rbit         000000
__Hrbss                          rbss         000000
__Hrdata                         rdata        000000
__Hreset_vec                     reset_vec    000000
__Hrparam                        rparam       000000
__Hsfr                           sfr          000000
__Hsmallconst                    smallconst   00102A
__Hspace_0                       (abs)        30000E
__Hspace_1                       (abs)        000F38
__Hspace_2                       (abs)        000000
__Hstack                         stack        000000
__Hstruct                        struct       000000
__Htemp                          temp         000000
__Htext                          text         000000
__Htext0                         text0        000000
__Htext1                         text1        000000
__Htext10                        text10       000000
__Htext11                        text11       000000
__Htext12                        text12       000000
__Htext13                        text13       000000
__Htext14                        text14       000000
__Htext15                        text15       000000
__Htext16                        text16       000000
__Htext17                        text17       000000
__Htext18                        text18       000000
__Htext19                        text19       000000
__Htext2                         text2        000000
__Htext20                        text20       000000
__Htext21                        text21       000000
__Htext22                        text22       000000
__Htext23                        text23       000000
__Htext24                        text24       000000
__Htext25                        text25       000000
__Htext26                        text26       000000
__Htext27                        text27       000000
__Htext28                        text28       000000
__Htext29                        text29       000000
__Htext3                         text3        000000
__Htext30                        text30       000000
__Htext31                        text31       000000
__Htext32                        text32       000000
__Htext33                        text33       000000
__Htext34                        text34       000000
__Htext35                        text35       000000
__Htext36                        text36       000000
__Htext37                        text37       000000
__Htext38                        text38       000000
__Htext39                        text39       000000
__Htext4                         text4        000000
__Htext40                        text40       000000
__Htext41                        text41       000000
__Htext42                        text42       000000
__Htext43                        text43       000000
__Htext44                        text44       000000
__Htext45                        text45       000000
__Htext46                        text46       000000
__Htext47                        text47       000000
__Htext48                        text48       000000
__Htext49                        text49       000000
__Htext5                         text5        000000
__Htext50                        text50       000000
__Htext51                        text51       000000
__Htext52                        text52       000000
__Htext6                         text6        000000
__Htext7                         text7        000000
__Htext8                         text8        000000
__Htext9                         text9        000000
__LRAM                           (abs)        000001
__Labs1                          abs1         000000
__Lbank0                         bank0        000000
__Lbank1                         bank1        000000
__Lbank10                        bank10       000000
__Lbank11                        bank11       000000
__Lbank12                        bank12       000000
__Lbank13                        bank13       000000
__Lbank14                        bank14       000000
__Lbank15                        bank15       000000
__Lbank2                         bank2        000000
__Lbank3                         bank3        000000
__Lbank4                         bank4        000000
__Lbank5                         bank5        000000
__Lbank6                         bank6        000000
__Lbank7                         bank7        000000
__Lbank8                         bank8        000000
__Lbank9                         bank9        000000
__Lbigbss                        bigbss       000000
__Lbigdata                       bigdata      000000
__Lbigram                        bigram       000000
__Lbss                           bss          000000
__LbssBANK0                      bssBANK0     000000
__LbssBIGRAM                     bssBIGRAM    000000
__Lcinit                         cinit        000000
__Lclrtext                       clrtext      000000
__Lcomram                        comram       000000
__Lconfig                        config       300000
__Lconst                         const        000000
__LcstackBANK0                   cstackBANK0  000000
__LcstackCOMRAM                  cstackCOMRAM 000000
__Ldata                          data         000000
__LdataBANK0                     dataBANK0    000000
__Leeprom_data                   eeprom_data  000000
__Lend_init                      end_init     000000
__Lfarbss                        farbss       000000
__Lfardata                       fardata      000000
__Libigdata                      ibigdata     000000
__Lidata                         idata        000000
__LidataBANK0                    idataBANK0   000000
__Lidloc                         idloc        200000
__Lifardata                      ifardata     000000
__Linit                          init         000000
__Lintcode                       intcode      000000
__Lintcode_body                  intcode_body 000000
__Lintcodelo                     intcodelo    000000
__Lintentry                      intentry     000000
__Lintret                        intret       000000
__Lintsave_regs                  intsave_regs 000000
__Lirdata                        irdata       000000
__Lmediumconst                   mediumconst  000000
__LnvFARRAM                      nvFARRAM     000000
__Lnvbit                         nvbit        000000
__Lnvrram                        nvrram       000000
__Lparam                         rparam       000000
__Lpowerup                       powerup      000000
__Lram                           ram          000000
__Lramtop                        ramtop       001000
__Lrbit                          rbit         000000
__Lrbss                          rbss         000000
__Lrdata                         rdata        000000
__Lreset_vec                     reset_vec    000000
__Lrparam                        rparam       000000
__Lsfr                           sfr          000000
__Lsmallconst                    smallconst   001000
__Lspace_0                       (abs)        000000
__Lspace_1                       (abs)        000000
__Lspace_2                       (abs)        000000
__Lstack                         stack        000000
__Lstruct                        struct       000000
__Ltemp                          temp         000000
__Ltext                          text         000000
__Ltext0                         text0        000000
__Ltext1                         text1        000000
__Ltext10                        text10       000000
__Ltext11                        text11       000000
__Ltext12                        text12       000000
__Ltext13                        text13       000000
__Ltext14                        text14       000000
__Ltext15                        text15       000000
__Ltext16                        text16       000000
__Ltext17                        text17       000000
__Ltext18                        text18       000000
__Ltext19                        text19       000000
__Ltext2                         text2        000000
__Ltext20                        text20       000000
__Ltext21                        text21       000000
__Ltext22                        text22       000000
__Ltext23                        text23       000000
__Ltext24                        text24       000000
__Ltext25                        text25       000000
__Ltext26                        text26       000000
__Ltext27                        text27       000000
__Ltext28                        text28       000000
__Ltext29                        text29       000000
__Ltext3                         text3        000000
__Ltext30                        text30       000000
__Ltext31                        text31       000000
__Ltext32                        text32       000000
__Ltext33                        text33       000000
__Ltext34                        text34       000000
__Ltext35                        text35       000000
__Ltext36                        text36       000000
__Ltext37                        text37       000000
__Ltext38                        text38       000000
__Ltext39                        text39       000000
__Ltext4                         text4        000000
__Ltext40                        text40       000000
__Ltext41                        text41       000000
__Ltext42                        text42       000000
__Ltext43                        text43       000000
__Ltext44                        text44       000000
__Ltext45                        text45       000000
__Ltext46                        text46       000000
__Ltext47                        text47       000000
__Ltext48                        text48       000000
__Ltext49                        text49       000000
__Ltext5                         text5        000000
__Ltext50                        text50       000000
__Ltext51                        text51       000000
__Ltext52                        text52       000000
__Ltext6                         text6        000000
__Ltext7                         text7        000000
__Ltext8                         text8        000000
__Ltext9                         text9        000000
__S0                             (abs)        30000E
__S1                             (abs)        000F38
__S2                             (abs)        000000
___inthi_sp                      stack        000000
___intlo_sp                      stack        000000
___lldiv                         text27       006232
___lldiv@counter                 cstackCOMRAM 00000D
___lldiv@dividend                cstackCOMRAM 000001
___lldiv@divisor                 cstackCOMRAM 000005
___lldiv@quotient                cstackCOMRAM 000009
___lmul                          text26       006426
___lmul@multiplicand             cstackCOMRAM 000005
___lmul@multiplier               cstackCOMRAM 000001
___lmul@product                  cstackCOMRAM 000009
___param_bank                    (abs)        000010
___rparam_used                   (abs)        000001
___send_cmd                      text43       006114
___send_cmd@arg                  cstackCOMRAM 000004
___send_cmd@cmd                  cstackCOMRAM 00000A
___send_cmd@n                    cstackCOMRAM 000009
___send_cmd@res                  cstackCOMRAM 000008
___sp                            stack        000000
___wmul                          text35       006672
___wmul@multiplicand             cstackCOMRAM 000003
___wmul@multiplier               cstackCOMRAM 000001
___wmul@product                  cstackCOMRAM 000005
__accesstop                      (abs)        000060
__activetblptr                   (abs)        000003
__end_of_OSCILLATOR_Initialize   text52       00671A
__end_of_PIN_MANAGER_Initialize  text51       00651E
__end_of_SPI1_Exchange8bit       text48       0066E2
__end_of_SPI1_Initialize         text50       00670C
__end_of_SPI1_Open               text19       0066F0
__end_of_SYSTEM_Initialize       text49       0066FE
__end_of___lldiv                 text27       0062BE
__end_of___lmul                  text26       006480
__end_of___send_cmd              text43       0061A4
__end_of___wmul                  text35       00669A
__end_of__initialization         cinit        006614
__end_of_check_fs                text20       005B0A
__end_of_chk_chr                 text9        0064D6
__end_of_clust2sect              text25       005F1C
__end_of_create_chain            text22       004240
__end_of_create_name             text8        004B9C
__end_of_deselect                text46       006726
__end_of_dir_alloc               text12       0057E6
__end_of_dir_find                text6        005900
__end_of_dir_next                text14       003160
__end_of_dir_register            text10       005BF2
__end_of_dir_sdi                 text13       0048E4
__end_of_disk_initialize         text18       004DB0
__end_of_disk_ioctl              text34       003622
__end_of_disk_read               text41       005CCA
__end_of_disk_status             text31       0066D0
__end_of_disk_write              text39       0056BC
__end_of_f_close                 text28       0065E2
__end_of_f_lseek                 text21       002C9C
__end_of_f_mount                 text15       005FD2
__end_of_f_open                  text2        003A72
__end_of_f_sync                  text29       00557A
__end_of_f_write                 text1        0024E2
__end_of_find_volume             text16       001BAE
__end_of_follow_path             text4        00513A
__end_of_get_fat                 text24       0045C6
__end_of_get_ldnumber            text17       005A18
__end_of_ld_clust                text5        006340
__end_of_main                    text0        005D9C
__end_of_mem_cmp                 text7        006426
__end_of_mem_cpy                 text11       005E60
__end_of_mem_set                 text33       006648
__end_of_move_window             text37       00607E
__end_of_put_fat                 text23       003E8A
__end_of_rcvr_datablock          text47       0063B4
__end_of_remove_chain            text3        0052B0
__end_of_select                  text44       0066BC
__end_of_send_cmd                text42       006564
__end_of_st_clust                text36       006672
__end_of_sync_fs                 text32       004F76
__end_of_sync_window             text38       005424
__end_of_validate                text30       006114
__end_of_wait_ready              text45       0065A6
__end_of_xmit_datablock          text40       006232
__initialization                 cinit        0065E2
__mediumconst                    mediumconst  000000
__pbssBANK0                      bssBANK0     0000D2
__pbssBIGRAM                     bssBIGRAM    000D0A
__pcinit                         cinit        0065E2
__pcstackBANK0                   cstackBANK0  000060
__pcstackCOMRAM                  cstackCOMRAM 000001
__pdataBANK0                     dataBANK0    0000F7
__pidataBANK0                    idataBANK0   006726
__psmallconst                    smallconst   001000
__ptext0                         text0        005CCA
__ptext1                         text1        001BAE
__ptext10                        text10       005B0A
__ptext11                        text11       005D9C
__ptext12                        text12       0056BC
__ptext13                        text13       0045C6
__ptext14                        text14       002C9C
__ptext15                        text15       005F1C
__ptext16                        text16       00102A
__ptext17                        text17       005900
__ptext18                        text18       004B9C
__ptext19                        text19       0066E2
__ptext2                         text2        003622
__ptext20                        text20       005A18
__ptext21                        text21       0024E2
__ptext22                        text22       003E8A
__ptext23                        text23       003A72
__ptext24                        text24       004240
__ptext25                        text25       005E60
__ptext26                        text26       006426
__ptext27                        text27       006232
__ptext28                        text28       0065A6
__ptext29                        text29       005424
__ptext3                         text3        00513A
__ptext30                        text30       00607E
__ptext31                        text31       0066BC
__ptext32                        text32       004DB0
__ptext33                        text33       00661A
__ptext34                        text34       003160
__ptext35                        text35       006672
__ptext36                        text36       006648
__ptext37                        text37       005FD2
__ptext38                        text38       0052B0
__ptext39                        text39       00557A
__ptext4                         text4        004F76
__ptext40                        text40       0061A4
__ptext41                        text41       005BF2
__ptext42                        text42       00651E
__ptext43                        text43       006114
__ptext44                        text44       00669A
__ptext45                        text45       006564
__ptext46                        text46       00671A
__ptext47                        text47       006340
__ptext48                        text48       0066D0
__ptext49                        text49       0066F0
__ptext5                         text5        0062BE
__ptext50                        text50       0066FE
__ptext51                        text51       0064D6
__ptext52                        text52       00670C
__ptext6                         text6        0057E6
__ptext7                         text7        0063B4
__ptext8                         text8        0048E4
__ptext9                         text9        006480
__ramtop                         ramtop       001000
__size_of_OSCILLATOR_Initialize  (abs)        000000
__size_of_PIN_MANAGER_Initialize (abs)        000000
__size_of_SPI1_Exchange8bit      (abs)        000000
__size_of_SPI1_Initialize        (abs)        000000
__size_of_SPI1_Open              (abs)        000000
__size_of_SYSTEM_Initialize      (abs)        000000
__size_of___lldiv                (abs)        000000
__size_of___lmul                 (abs)        000000
__size_of___send_cmd             (abs)        000000
__size_of___wmul                 (abs)        000000
__size_of_check_fs               (abs)        000000
__size_of_chk_chr                (abs)        000000
__size_of_clust2sect             (abs)        000000
__size_of_create_chain           (abs)        000000
__size_of_create_name            (abs)        000000
__size_of_deselect               (abs)        000000
__size_of_dir_alloc              (abs)        000000
__size_of_dir_find               (abs)        000000
__size_of_dir_next               (abs)        000000
__size_of_dir_register           (abs)        000000
__size_of_dir_sdi                (abs)        000000
__size_of_disk_initialize        (abs)        000000
__size_of_disk_ioctl             (abs)        000000
__size_of_disk_read              (abs)        000000
__size_of_disk_status            (abs)        000000
__size_of_disk_write             (abs)        000000
__size_of_f_close                (abs)        000000
__size_of_f_lseek                (abs)        000000
__size_of_f_mount                (abs)        000000
__size_of_f_open                 (abs)        000000
__size_of_f_sync                 (abs)        000000
__size_of_f_write                (abs)        000000
__size_of_find_volume            (abs)        000000
__size_of_follow_path            (abs)        000000
__size_of_get_fat                (abs)        000000
__size_of_get_ldnumber           (abs)        000000
__size_of_ld_clust               (abs)        000000
__size_of_main                   (abs)        000000
__size_of_mem_cmp                (abs)        000000
__size_of_mem_cpy                (abs)        000000
__size_of_mem_set                (abs)        000000
__size_of_move_window            (abs)        000000
__size_of_put_fat                (abs)        000000
__size_of_rcvr_datablock         (abs)        000000
__size_of_remove_chain           (abs)        000000
__size_of_select                 (abs)        000000
__size_of_send_cmd               (abs)        000000
__size_of_st_clust               (abs)        000000
__size_of_sync_fs                (abs)        000000
__size_of_sync_window            (abs)        000000
__size_of_validate               (abs)        000000
__size_of_wait_ready             (abs)        000000
__size_of_xmit_datablock         (abs)        000000
__smallconst                     smallconst   001000
_check_fs                        text20       005A18
_chk_chr                         text9        006480
_clust2sect                      text25       005E60
_create_chain                    text22       003E8A
_create_name                     text8        0048E4
_create_name$991                 cstackCOMRAM 000011
_deselect                        text46       00671A
_dir_alloc                       text12       0056BC
_dir_find                        text6        0057E6
_dir_next                        text14       002C9C
_dir_register                    text10       005B0A
_dir_sdi                         text13       0045C6
_disk_initialize                 text18       004B9C
_disk_initialize$500             cstackCOMRAM 000017
_disk_ioctl                      text34       003160
_disk_read                       text41       005BF2
_disk_read$510                   cstackCOMRAM 00001A
_disk_status                     text31       0066BC
_disk_write                      text39       00557A
_f_close                         text28       0065A6
_f_lseek                         text21       0024E2
_f_mount                         text15       005F1C
_f_open                          text2        003622
_f_sync                          text29       005424
_f_write                         text1        001BAE
_find_volume                     text16       00102A
_find_volume$1095                cstackBANK0  000070
_find_volume$1096                cstackBANK0  000074
_follow_path                     text4        004F76
_get_fat                         text24       004240
_get_fat$741                     cstackCOMRAM 000049
_get_ldnumber                    text17       005900
_get_ldnumber$1015               cstackCOMRAM 000005
_ld_clust                        text5        0062BE
_main                            text0        005CCA
_mem_cmp                         text7        0063B4
_mem_cpy                         text11       005D9C
_mem_set                         text33       00661A
_move_window                     text37       005FD2
_put_fat                         text23       003A72
_put_fat$767                     cstackCOMRAM 00004D
_put_fat$768                     cstackCOMRAM 00004F
_rcvr_datablock                  text47       006340
_remove_chain                    text3        00513A
_select                          text44       00669A
_send_cmd                        text42       00651E
_st_clust                        text36       006648
_sync_fs                         text32       004DB0
_sync_window                     text38       0052B0
_validate                        text30       00607E
_wait_ready                      text45       006564
_xmit_datablock                  text40       0061A4
check_fs@fs                      cstackCOMRAM 00003B
check_fs@sect                    cstackCOMRAM 00003D
chk_chr@chr                      cstackCOMRAM 000003
chk_chr@str                      cstackCOMRAM 000001
clust2sect@clst                  cstackCOMRAM 00000F
clust2sect@fs                    cstackCOMRAM 00000D
create_chain@clst                cstackCOMRAM 000058
create_chain@cs                  cstackBANK0  000069
create_chain@fs                  cstackCOMRAM 000056
create_chain@ncl                 cstackBANK0  000065
create_chain@res                 cstackBANK0  000060
create_chain@scl                 cstackBANK0  000061
create_name@b                    cstackCOMRAM 000015
create_name@c                    cstackCOMRAM 00001F
create_name@d                    cstackCOMRAM 00001A
create_name@dp                   cstackCOMRAM 000009
create_name@i                    cstackCOMRAM 00001D
create_name@ni                   cstackCOMRAM 000016
create_name@p                    cstackCOMRAM 000018
create_name@path                 cstackCOMRAM 00000B
create_name@sfn                  cstackCOMRAM 00001B
create_name@si                   cstackCOMRAM 000013
dir_alloc@dp                     cstackBANK0  000080
dir_alloc@n                      cstackBANK0  000087
dir_alloc@nent                   cstackBANK0  000082
dir_alloc@res                    cstackBANK0  000089
dir_find@c                       cstackBANK0  000082
dir_find@dir                     cstackBANK0  000083
dir_find@dp                      cstackBANK0  000080
dir_find@res                     cstackBANK0  000085
dir_next@c                       cstackBANK0  000078
dir_next@clst                    cstackBANK0  00007C
dir_next@dp                      cstackBANK0  00006D
dir_next@i                       cstackBANK0  00007A
dir_next@stretch                 cstackBANK0  00006F
dir_register@dp                  cstackBANK0  00008A
dir_register@res                 cstackBANK0  00008C
dir_sdi@clst                     cstackBANK0  000066
dir_sdi@dp                       cstackCOMRAM 000055
dir_sdi@ic                       cstackBANK0  000060
dir_sdi@idx                      cstackCOMRAM 000057
dir_sdi@sect                     cstackBANK0  000062
disk_initialize@cmd              cstackCOMRAM 000019
disk_initialize@n                cstackCOMRAM 00001D
disk_initialize@ocr              cstackCOMRAM 000013
disk_initialize@pdrv             cstackCOMRAM 000012
disk_initialize@tmr              cstackCOMRAM 00001B
disk_initialize@ty               cstackCOMRAM 00001A
disk_ioctl@buff                  cstackCOMRAM 000012
disk_ioctl@cmd                   cstackCOMRAM 000011
disk_ioctl@csd                   cstackCOMRAM 000021
disk_ioctl@csize                 cstackCOMRAM 000032
disk_ioctl@n                     cstackCOMRAM 000037
disk_ioctl@pdrv                  cstackCOMRAM 000031
disk_ioctl@ptr                   cstackCOMRAM 000038
disk_ioctl@res                   cstackCOMRAM 000036
disk_read@buff                   cstackCOMRAM 000011
disk_read@cmd                    cstackCOMRAM 00001C
disk_read@count                  cstackCOMRAM 000017
disk_read@pdrv                   cstackCOMRAM 000019
disk_read@sector                 cstackCOMRAM 000013
disk_status@pdrv                 cstackCOMRAM 000001
disk_write@buff                  cstackCOMRAM 000011
disk_write@count                 cstackCOMRAM 000017
disk_write@pdrv                  cstackCOMRAM 00001A
disk_write@sector                cstackCOMRAM 000013
end_of_initialization            cinit        006614
f_close@fp                       cstackCOMRAM 00004E
f_close@res                      cstackCOMRAM 000050
f_lseek@bcs                      cstackBANK0  000088
f_lseek@clst                     cstackBANK0  00008C
f_lseek@fp                       cstackBANK0  00006D
f_lseek@ifptr                    cstackBANK0  00007F
f_lseek@nsect                    cstackBANK0  000084
f_lseek@ofs                      cstackBANK0  00006F
f_lseek@res                      cstackBANK0  000083
f_mount@cfs                      cstackCOMRAM 000058
f_mount@fs                       cstackCOMRAM 000052
f_mount@opt                      cstackCOMRAM 000056
f_mount@path                     cstackCOMRAM 000054
f_mount@res                      cstackCOMRAM 000057
f_mount@rp                       cstackCOMRAM 00005A
f_mount@vol                      cstackCOMRAM 00005C
f_open@cl                        cstackBANK0  0000AF
f_open@dir                       cstackBANK0  0000B8
f_open@dj                        cstackBANK0  0000BA
f_open@dw                        cstackBANK0  0000B3
f_open@fp                        cstackBANK0  00009A
f_open@mode                      cstackBANK0  00009E
f_open@path                      cstackBANK0  00009C
f_open@res                       cstackBANK0  0000B7
f_open@sfn                       cstackBANK0  0000A3
f_sync@dir                       cstackCOMRAM 00004C
f_sync@fp                        cstackCOMRAM 000045
f_sync@res                       cstackCOMRAM 00004B
f_sync@tm                        cstackCOMRAM 000047
f_write@btw                      cstackBANK0  000071
f_write@buff                     cstackBANK0  00006F
f_write@bw                       cstackBANK0  000073
f_write@cc                       cstackBANK0  000089
f_write@clst                     cstackBANK0  00008F
f_write@csect                    cstackBANK0  000088
f_write@fp                       cstackBANK0  00006D
f_write@res                      cstackBANK0  000085
f_write@sect                     cstackBANK0  00008B
f_write@wbuff                    cstackBANK0  000086
f_write@wcnt                     cstackBANK0  000093
ff@FatFs                         bssBANK0     0000D4
find_volume@br                   cstackBANK0  000060
find_volume@bsect                cstackBANK0  000091
find_volume@fasize               cstackBANK0  00008D
find_volume@fmt                  cstackBANK0  000097
find_volume@fs                   cstackBANK0  000098
find_volume@i                    cstackBANK0  000095
find_volume@nclst                cstackBANK0  000088
find_volume@nrsv                 cstackBANK0  000082
find_volume@path                 cstackCOMRAM 000047
find_volume@pt                   cstackBANK0  00007A
find_volume@rfs                  cstackCOMRAM 000045
find_volume@stat                 cstackBANK0  00008C
find_volume@sysect               cstackBANK0  00007C
find_volume@szbfat               cstackBANK0  000076
find_volume@tsect                cstackBANK0  000084
find_volume@vol                  cstackBANK0  000080
find_volume@wmode                cstackCOMRAM 000049
follow_path@dir                  cstackBANK0  00008A
follow_path@dp                   cstackBANK0  000086
follow_path@ns                   cstackBANK0  00008C
follow_path@path                 cstackBANK0  000088
follow_path@res                  cstackBANK0  00008D
get_fat@bc                       cstackCOMRAM 000053
get_fat@clst                     cstackCOMRAM 00003D
get_fat@fs                       cstackCOMRAM 00003B
get_fat@p                        cstackCOMRAM 000051
get_fat@val                      cstackCOMRAM 00004B
get_fat@wc                       cstackCOMRAM 00004F
get_ldnumber@i                   cstackCOMRAM 00000B
get_ldnumber@path                cstackCOMRAM 000001
get_ldnumber@tp                  cstackCOMRAM 000007
get_ldnumber@tt                  cstackCOMRAM 00000D
get_ldnumber@vol                 cstackCOMRAM 000009
intlevel0                        text         000000
intlevel1                        text         000000
intlevel2                        text         000000
intlevel3                        text         000000
ld_clust@cl                      cstackCOMRAM 00000B
ld_clust@dir                     cstackCOMRAM 000003
ld_clust@fs                      cstackCOMRAM 000001
main@bw                          cstackBANK0  0000D0
mem_cmp@cnt                      cstackCOMRAM 000005
mem_cmp@d                        cstackCOMRAM 00000A
mem_cmp@dst                      cstackCOMRAM 000001
mem_cmp@r                        cstackCOMRAM 00000E
mem_cmp@s                        cstackCOMRAM 00000C
mem_cmp@src                      cstackCOMRAM 000003
mem_cpy@cnt                      cstackCOMRAM 000005
mem_cpy@d                        cstackCOMRAM 000009
mem_cpy@dst                      cstackCOMRAM 000001
mem_cpy@s                        cstackCOMRAM 00000B
mem_cpy@src                      cstackCOMRAM 000003
mem_set@cnt                      cstackCOMRAM 000005
mem_set@d                        cstackCOMRAM 000007
mem_set@dst                      cstackCOMRAM 000001
mem_set@val                      cstackCOMRAM 000003
move_window@fs                   cstackCOMRAM 000030
move_window@res                  cstackCOMRAM 00003A
move_window@sector               cstackCOMRAM 000032
put_fat@bc                       cstackCOMRAM 000051
put_fat@clst                     cstackCOMRAM 00003D
put_fat@fs                       cstackCOMRAM 00003B
put_fat@p                        cstackCOMRAM 000054
put_fat@res                      cstackCOMRAM 000053
put_fat@val                      cstackCOMRAM 000041
rcvr_datablock@btr               cstackCOMRAM 000004
rcvr_datablock@buff              cstackCOMRAM 000002
rcvr_datablock@tmr               cstackCOMRAM 000006
rcvr_datablock@token             cstackCOMRAM 000008
remove_chain@clst                cstackCOMRAM 000058
remove_chain@fs                  cstackCOMRAM 000056
remove_chain@nxt                 cstackBANK0  000061
remove_chain@res                 cstackBANK0  000060
send_cmd@arg                     cstackCOMRAM 00000B
send_cmd@cmd                     cstackCOMRAM 00000F
send_cmd@res                     cstackCOMRAM 000010
st_clust@cl                      cstackCOMRAM 000003
st_clust@dir                     cstackCOMRAM 000001
stackhi                          (abs)        000D09
stacklo                          (abs)        0000F8
start                            init         000000
start_initialization             cinit        0065E2
sync_fs@fs                       cstackCOMRAM 00003A
sync_fs@res                      cstackCOMRAM 000044
sync_window@fs                   cstackCOMRAM 00001B
sync_window@nf                   cstackCOMRAM 00002A
sync_window@res                  cstackCOMRAM 000029
sync_window@wsect                cstackCOMRAM 00002C
validate@fil                     cstackCOMRAM 000008
validate@obj                     cstackCOMRAM 000002
wait_ready@tmr                   cstackCOMRAM 000002
xmit_datablock@buff              cstackCOMRAM 000004
xmit_datablock@i                 cstackCOMRAM 000008
xmit_datablock@resp              cstackCOMRAM 00000A
xmit_datablock@token             cstackCOMRAM 000007


FUNCTION INFORMATION:

 *************** function _main *****************
 Defined at:
		line 57 in file "main.c"
 Parameters:    Size  Location     Type
		None
 Auto vars:     Size  Location     Type
  bw              2  112[BANK0 ] unsigned int 
 Return value:  Size  Location     Type
		None               void
 Registers used:
		wreg, fsr0l, fsr0h, fsr1l, fsr1h, fsr2l, fsr2h, status,2, status,0, tblptrl, tblptrh, tblptru, prodl, prodh, cstack
 Tracked objects:
		On entry : 
		On exit  : 
		Unchanged: 
 Data sizes:     COMRAM   BANK0   BANK1   BANK2   BANK3   BANK4   BANK5   BANK6   BANK7   BANK8   BANK9  BANK10  BANK11  BANK12  BANK13  BANK14  BANK15
      Params:         0       0       0       0       0       0       0       0       0       0       0       0       0       0       0       0       0
      Locals:         0       2       0       0       0       0       0       0       0       0       0       0       0       0       0       0       0
      Temps:          0       0       0       0       0       0       0       0       0       0       0       0       0       0       0       0       0
      Totals:         0       2       0       0       0       0       0       0       0       0       0       0       0       0       0       0       0
Total ram usage:        2 bytes
 Hardware stack levels required when called:   14
 This function calls:
		_SYSTEM_Initialize
		_f_close
		_f_lseek
		_f_mount
		_f_open
		_f_write
 This function is called by:
		Startup code after reset
 This function uses a non-reentrant model


 *************** function _f_write *****************
 Defined at:
		line 2691 in file "ff.c"
 Parameters:    Size  Location     Type
  fp              2   13[BANK0 ] PTR struct .
		 -> Fil(32), 
  buff            2   15[BANK0 ] PTR const void 
		 -> STR_4(15), 
  btw             2   17[BANK0 ] unsigned int 
  bw              2   19[BANK0 ] PTR unsigned int 
		 -> main@bw(2), 
 Auto vars:     Size  Location     Type
  clst            4   47[BANK0 ] unsigned long 
  sect            4   43[BANK0 ] unsigned long 
  wcnt            2   51[BANK0 ] unsigned int 
  cc              2   41[BANK0 ] unsigned int 
  wbuff           2   38[BANK0 ] PTR const unsigned char 
		 -> STR_4(15), 
  csect           1   40[BANK0 ] unsigned char 
  res             1   37[BANK0 ] enum E88
 Return value:  Size  Location     Type
                  1    wreg      enum E88
 Registers used:
		wreg, fsr0l, fsr0h, fsr1l, fsr1h, fsr2l, fsr2h, status,2, status,0, tblptrl, tblptrh, tblptru, cstack
 Tracked objects:
		On entry : 
		On exit  : 
		Unchanged: 
 Data sizes:     COMRAM   BANK0   BANK1   BANK2   BANK3   BANK4   BANK5   BANK6   BANK7   BANK8   BANK9  BANK10  BANK11  BANK12  BANK13  BANK14  BANK15
      Params:         0       8       0       0       0       0       0       0       0       0       0       0       0       0       0       0       0
      Locals:         0      16       0       0       0       0       0       0       0       0       0       0       0       0       0       0       0
      Temps:          0      16       0       0       0       0       0       0       0       0       0       0       0       0       0       0       0
      Totals:         0      40       0       0       0       0       0       0       0       0       0       0       0       0       0       0       0
Total ram usage:       40 bytes
 Hardware stack levels used:    1
 Hardware stack levels required when called:   10
 This function calls:
		_clust2sect
		_create_chain
		_disk_write
		_mem_cpy
		_move_window
		_sync_window
		_validate
 This function is called by:
		_main
 This function uses a non-reentrant model


 *************** function _f_open *****************
 Defined at:
		line 2449 in file "ff.c"
 Parameters:    Size  Location     Type
  fp              2   58[BANK0 ] PTR struct .
		 -> Fil(32), 
  path            2   60[BANK0 ] PTR const unsigned char 
		 -> STR_3(10), STR_2(1), 
  mode            1   62[BANK0 ] unsigned char 
 Auto vars:     Size  Location     Type
  dj             22   90[BANK0 ] struct .
  sfn            12   67[BANK0 ] unsigned char [12]
  dw              4   83[BANK0 ] unsigned long 
  cl              4   79[BANK0 ] unsigned long 
  dir             2   88[BANK0 ] PTR unsigned char 
		 -> FatFs(558), NULL(0), 
  res             1   87[BANK0 ] enum E88
 Return value:  Size  Location     Type
                  1    wreg      enum E88
 Registers used:
		wreg, fsr0l, fsr0h, fsr1l, fsr1h, fsr2l, fsr2h, status,2, status,0, tblptrl, tblptrh, tblptru, prodl, prodh, cstack
 Tracked objects:
		On entry : 
		On exit  : 
		Unchanged: 
 Data sizes:     COMRAM   BANK0   BANK1   BANK2   BANK3   BANK4   BANK5   BANK6   BANK7   BANK8   BANK9  BANK10  BANK11  BANK12  BANK13  BANK14  BANK15
      Params:         0       5       0       0       0       0       0       0       0       0       0       0       0       0       0       0       0
      Locals:         0      45       0       0       0       0       0       0       0       0       0       0       0       0       0       0       0
      Temps:          0       4       0       0       0       0       0       0       0       0       0       0       0       0       0       0       0
      Totals:         0      54       0       0       0       0       0       0       0       0       0       0       0       0       0       0       0
Total ram usage:       54 bytes
 Hardware stack levels used:    1
 Hardware stack levels required when called:   13
 This function calls:
		_dir_register
		_find_volume
		_follow_path
		_ld_clust
		_move_window
		_remove_chain
		_st_clust
 This function is called by:
		_main
 This function uses a non-reentrant model


 *************** function _remove_chain *****************
 Defined at:
		line 937 in file "ff.c"
 Parameters:    Size  Location     Type
  fs              2   85[COMRAM] PTR struct .
		 -> FatFs(558), NULL(0), 
  clst            4   87[COMRAM] unsigned long 
 Auto vars:     Size  Location     Type
  nxt             4    1[BANK0 ] unsigned long 
  res             1    0[BANK0 ] enum E88
 Return value:  Size  Location     Type
                  1    wreg      enum E88
 Registers used:
		wreg, fsr0l, fsr0h, fsr1l, fsr1h, fsr2l, fsr2h, status,2, status,0, tblptrl, tblptrh, tblptru, cstack
 Tracked objects:
		On entry : 
		On exit  : 
		Unchanged: 
 Data sizes:     COMRAM   BANK0   BANK1   BANK2   BANK3   BANK4   BANK5   BANK6   BANK7   BANK8   BANK9  BANK10  BANK11  BANK12  BANK13  BANK14  BANK15
      Params:         6       0       0       0       0       0       0       0       0       0       0       0       0       0       0       0       0
      Locals:         0       5       0       0       0       0       0       0       0       0       0       0       0       0       0       0       0
      Temps:          4       0       0       0       0       0       0       0       0       0       0       0       0       0       0       0       0
      Totals:        10       5       0       0       0       0       0       0       0       0       0       0       0       0       0       0       0
Total ram usage:       15 bytes
 Hardware stack levels used:    1
 Hardware stack levels required when called:    9
 This function calls:
		_get_fat
		_put_fat
 This function is called by:
		_f_open
 This function uses a non-reentrant model


 *************** function _follow_path *****************
 Defined at:
		line 2052 in file "ff.c"
 Parameters:    Size  Location     Type
  dp              2   38[BANK0 ] PTR struct .
		 -> f_open@dj(22), 
  path            2   40[BANK0 ] PTR const unsigned char 
		 -> STR_3(10), STR_2(1), 
 Auto vars:     Size  Location     Type
  dir             2   42[BANK0 ] PTR unsigned char 
		 -> FatFs(558), NULL(0), 
  res             1   45[BANK0 ] enum E88
  ns              1   44[BANK0 ] unsigned char 
 Return value:  Size  Location     Type
                  1    wreg      enum E88
 Registers used:
		wreg, fsr0l, fsr0h, fsr1l, fsr1h, fsr2l, fsr2h, status,2, status,0, tblptrl, tblptrh, tblptru, prodl, prodh, cstack
 Tracked objects:
		On entry : 
		On exit  : 
		Unchanged: 
 Data sizes:     COMRAM   BANK0   BANK1   BANK2   BANK3   BANK4   BANK5   BANK6   BANK7   BANK8   BANK9  BANK10  BANK11  BANK12  BANK13  BANK14  BANK15
      Params:         0       4       0       0       0       0       0       0       0       0       0       0       0       0       0       0       0
      Locals:         0       4       0       0       0       0       0       0       0       0       0       0       0       0       0       0       0
      Temps:          0       0       0       0       0       0       0       0       0       0       0       0       0       0       0       0       0
      Totals:         0       8       0       0       0       0       0       0       0       0       0       0       0       0       0       0       0
Total ram usage:        8 bytes
 Hardware stack levels used:    1
 Hardware stack levels required when called:   12
 This function calls:
		_create_name
		_dir_find
		_dir_sdi
		_ld_clust
 This function is called by:
		_f_open
 This function uses a non-reentrant model


 *************** function _ld_clust *****************
 Defined at:
		line 1235 in file "ff.c"
 Parameters:    Size  Location     Type
  fs              2    0[COMRAM] PTR struct .
		 -> FatFs(558), NULL(0), 
  dir             2    2[COMRAM] PTR const unsigned char 
		 -> FatFs(558), NULL(0), 
 Auto vars:     Size  Location     Type
  cl              4   10[COMRAM] unsigned long 
 Return value:  Size  Location     Type
                  4    0[COMRAM] unsigned long 
 Registers used:
		wreg, fsr2l, fsr2h, status,2, status,0
 Tracked objects:
		On entry : 
		On exit  : 
		Unchanged: 
 Data sizes:     COMRAM   BANK0   BANK1   BANK2   BANK3   BANK4   BANK5   BANK6   BANK7   BANK8   BANK9  BANK10  BANK11  BANK12  BANK13  BANK14  BANK15
      Params:         4       0       0       0       0       0       0       0       0       0       0       0       0       0       0       0       0
      Locals:         4       0       0       0       0       0       0       0       0       0       0       0       0       0       0       0       0
      Temps:          6       0       0       0       0       0       0       0       0       0       0       0       0       0       0       0       0
      Totals:        14       0       0       0       0       0       0       0       0       0       0       0       0       0       0       0       0
Total ram usage:       14 bytes
 Hardware stack levels used:    1
 This function calls:
		Nothing
 This function is called by:
		_follow_path
		_f_open
 This function uses a non-reentrant model


 *************** function _dir_find *****************
 Defined at:
		line 1458 in file "ff.c"
 Parameters:    Size  Location     Type
  dp              2   32[BANK0 ] PTR struct .
		 -> f_open@dj(22), 
 Auto vars:     Size  Location     Type
  dir             2   35[BANK0 ] PTR unsigned char 
		 -> FatFs(558), NULL(0), 
  res             1   37[BANK0 ] enum E88
  c               1   34[BANK0 ] unsigned char 
 Return value:  Size  Location     Type
                  1    wreg      enum E88
 Registers used:
		wreg, fsr0l, fsr0h, fsr1l, fsr1h, fsr2l, fsr2h, status,2, status,0, tblptrl, tblptrh, tblptru, prodl, prodh, cstack
 Tracked objects:
		On entry : 
		On exit  : 
		Unchanged: 
 Data sizes:     COMRAM   BANK0   BANK1   BANK2   BANK3   BANK4   BANK5   BANK6   BANK7   BANK8   BANK9  BANK10  BANK11  BANK12  BANK13  BANK14  BANK15
      Params:         0       2       0       0       0       0       0       0       0       0       0       0       0       0       0       0       0
      Locals:         0       4       0       0       0       0       0       0       0       0       0       0       0       0       0       0       0
      Temps:          0       0       0       0       0       0       0       0       0       0       0       0       0       0       0       0       0
      Totals:         0       6       0       0       0       0       0       0       0       0       0       0       0       0       0       0       0
Total ram usage:        6 bytes
 Hardware stack levels used:    1
 Hardware stack levels required when called:   11
 This function calls:
		_dir_next
		_dir_sdi
		_mem_cmp
		_move_window
 This function is called by:
		_follow_path
 This function uses a non-reentrant model


 *************** function _mem_cmp *****************
 Defined at:
		line 533 in file "ff.c"
 Parameters:    Size  Location     Type
  dst             2    0[COMRAM] PTR const void 
		 -> FatFs(558), NULL(0), 
  src             2    2[COMRAM] PTR const void 
		 -> f_open@sfn(12), 
  cnt             2    4[COMRAM] unsigned int 
 Auto vars:     Size  Location     Type
  r               2   13[COMRAM] int 
  s               2   11[COMRAM] PTR const unsigned char 
		 -> f_open@sfn(12), 
  d               2    9[COMRAM] PTR const unsigned char 
		 -> FatFs(558), NULL(0), 
 Return value:  Size  Location     Type
                  2    0[COMRAM] int 
 Registers used:
		wreg, fsr2l, fsr2h, status,2, status,0
 Tracked objects:
		On entry : 
		On exit  : 
		Unchanged: 
 Data sizes:     COMRAM   BANK0   BANK1   BANK2   BANK3   BANK4   BANK5   BANK6   BANK7   BANK8   BANK9  BANK10  BANK11  BANK12  BANK13  BANK14  BANK15
      Params:         6       0       0       0       0       0       0       0       0       0       0       0       0       0       0       0       0
      Locals:         6       0       0       0       0       0       0       0       0       0       0       0       0       0       0       0       0
      Temps:          3       0       0       0       0       0       0       0       0       0       0       0       0       0       0       0       0
      Totals:        15       0       0       0       0       0       0       0       0       0       0       0       0       0       0       0       0
Total ram usage:       15 bytes
 Hardware stack levels used:    1
 This function calls:
		Nothing
 This function is called by:
		_dir_find
 This function uses a non-reentrant model


 *************** function _create_name *****************
 Defined at:
		line 1843 in file "ff.c"
 Parameters:    Size  Location     Type
  dp              2    8[COMRAM] PTR struct .
		 -> f_open@dj(22), 
  path            2   10[COMRAM] PTR PTR const unsigned c
		 -> follow_path@path(2), 
 Auto vars:     Size  Location     Type
  i               2   28[COMRAM] unsigned int 
  sfn             2   26[COMRAM] PTR unsigned char 
		 -> f_open@sfn(12), 
  p               2   23[COMRAM] PTR const unsigned char 
		 -> STR_3(10), STR_2(1), 
  ni              2   21[COMRAM] unsigned int 
  si              2   18[COMRAM] unsigned int 
  c               1   30[COMRAM] unsigned char 
  d               1   25[COMRAM] unsigned char 
  b               1   20[COMRAM] unsigned char 
 Return value:  Size  Location     Type
                  1    wreg      enum E88
 Registers used:
		wreg, fsr2l, fsr2h, status,2, status,0, tblptrl, tblptrh, tblptru, cstack
 Tracked objects:
		On entry : 
		On exit  : 
		Unchanged: 
 Data sizes:     COMRAM   BANK0   BANK1   BANK2   BANK3   BANK4   BANK5   BANK6   BANK7   BANK8   BANK9  BANK10  BANK11  BANK12  BANK13  BANK14  BANK15
      Params:         4       0       0       0       0       0       0       0       0       0       0       0       0       0       0       0       0
      Locals:        15       0       0       0       0       0       0       0       0       0       0       0       0       0       0       0       0
      Temps:          4       0       0       0       0       0       0       0       0       0       0       0       0       0       0       0       0
      Totals:        23       0       0       0       0       0       0       0       0       0       0       0       0       0       0       0       0
Total ram usage:       23 bytes
 Hardware stack levels used:    1
 Hardware stack levels required when called:    1
 This function calls:
		_chk_chr
		_mem_set
 This function is called by:
		_follow_path
 This function uses a non-reentrant model


 *************** function _chk_chr *****************
 Defined at:
		line 543 in file "ff.c"
 Parameters:    Size  Location     Type
  str             2    0[COMRAM] PTR const unsigned char 
		 -> STR_1(15), 
  chr             2    2[COMRAM] int 
 Auto vars:     Size  Location     Type
		None
 Return value:  Size  Location     Type
                  2    0[COMRAM] int 
 Registers used:
		wreg, status,2, status,0, tblptrl, tblptrh, tblptru
 Tracked objects:
		On entry : 
		On exit  : 
		Unchanged: 
 Data sizes:     COMRAM   BANK0   BANK1   BANK2   BANK3   BANK4   BANK5   BANK6   BANK7   BANK8   BANK9  BANK10  BANK11  BANK12  BANK13  BANK14  BANK15
      Params:         4       0       0       0       0       0       0       0       0       0       0       0       0       0       0       0       0
      Locals:         0       0       0       0       0       0       0       0       0       0       0       0       0       0       0       0       0
      Temps:          2       0       0       0       0       0       0       0       0       0       0       0       0       0       0       0       0
      Totals:         6       0       0       0       0       0       0       0       0       0       0       0       0       0       0       0       0
Total ram usage:        6 bytes
 Hardware stack levels used:    1
 This function calls:
		Nothing
 This function is called by:
		_create_name
 This function uses a non-reentrant model


 *************** function _dir_register *****************
 Defined at:
		line 1578 in file "ff.c"
 Parameters:    Size  Location     Type
  dp              2   42[BANK0 ] PTR struct .
		 -> f_open@dj(22), 
 Auto vars:     Size  Location     Type
  res             1   44[BANK0 ] enum E88
 Return value:  Size  Location     Type
                  1    wreg      enum E88
 Registers used:
		wreg, fsr0l, fsr0h, fsr1l, fsr1h, fsr2l, fsr2h, status,2, status,0, tblptrl, tblptrh, tblptru, prodl, prodh, cstack
 Tracked objects:
		On entry : 
		On exit  : 
		Unchanged: 
 Data sizes:     COMRAM   BANK0   BANK1   BANK2   BANK3   BANK4   BANK5   BANK6   BANK7   BANK8   BANK9  BANK10  BANK11  BANK12  BANK13  BANK14  BANK15
      Params:         0       2       0       0       0       0       0       0       0       0       0       0       0       0       0       0       0
      Locals:         0       1       0       0       0       0       0       0       0       0       0       0       0       0       0       0       0
      Temps:          0       0       0       0       0       0       0       0       0       0       0       0       0       0       0       0       0
      Totals:         0       3       0       0       0       0       0       0       0       0       0       0       0       0       0       0       0
Total ram usage:        3 bytes
 Hardware stack levels used:    1
 Hardware stack levels required when called:   12
 This function calls:
		_dir_alloc
		_mem_cpy
		_mem_set
		_move_window
 This function is called by:
		_f_open
 This function uses a non-reentrant model


 *************** function _mem_cpy *****************
 Defined at:
		line 507 in file "ff.c"
 Parameters:    Size  Location     Type
  dst             2    0[COMRAM] PTR void 
		 -> FatFs.win(512), FatFs(558), NULL(0), 
  src             2    2[COMRAM] PTR const void 
		 -> f_open@dj.win(512), STR_4(15), FatFs(558), f_open@sfn(12), 
		 -> NULL(0), 
  cnt             2    4[COMRAM] unsigned int 
 Auto vars:     Size  Location     Type
  s               2   10[COMRAM] PTR const unsigned char 
		 -> f_open@dj.win(512), STR_4(15), FatFs(558), f_open@sfn(12), 
		 -> NULL(0), 
  d               2    8[COMRAM] PTR unsigned char 
		 -> FatFs.win(512), FatFs(558), NULL(0), 
 Return value:  Size  Location     Type
		None               void
 Registers used:
		wreg, fsr0l, fsr0h, fsr2l, fsr2h, status,2, status,0, tblptrl, tblptrh, tblptru
 Tracked objects:
		On entry : 
		On exit  : 
		Unchanged: 
 Data sizes:     COMRAM   BANK0   BANK1   BANK2   BANK3   BANK4   BANK5   BANK6   BANK7   BANK8   BANK9  BANK10  BANK11  BANK12  BANK13  BANK14  BANK15
      Params:         6       0       0       0       0       0       0       0       0       0       0       0       0       0       0       0       0
      Locals:         4       0       0       0       0       0       0       0       0       0       0       0       0       0       0       0       0
      Temps:          2       0       0       0       0       0       0       0       0       0       0       0       0       0       0       0       0
      Totals:        12       0       0       0       0       0       0       0       0       0       0       0       0       0       0       0       0
Total ram usage:       12 bytes
 Hardware stack levels used:    1
 This function calls:
		Nothing
 This function is called by:
		_dir_register
		_f_write
		_f_read
 This function uses a non-reentrant model


 *************** function _dir_alloc *****************
 Defined at:
		line 1199 in file "ff.c"
 Parameters:    Size  Location     Type
  dp              2   32[BANK0 ] PTR struct .
		 -> f_open@dj(22), 
[...]
 This function calls:
		_deselect
		_rcvr_datablock
		_send_cmd
 This function is called by:
		_move_window
		_f_read
 This function uses a non-reentrant model


 *************** function _send_cmd *****************
 Defined at:
		line 241 in file "diskio.c"
 Parameters:    Size  Location     Type
  cmd             1    wreg     unsigned char 
  arg             4   10[COMRAM] unsigned long 
 Auto vars:     Size  Location     Type
  cmd             1   14[COMRAM] unsigned char 
  res             1   15[COMRAM] unsigned char 
 Return value:  Size  Location     Type
                  1    wreg      unsigned char 
 Registers used:
		wreg, status,2, status,0, cstack
 Tracked objects:
		On entry : 
		On exit  : 
		Unchanged: 
 Data sizes:     COMRAM   BANK0   BANK1   BANK2   BANK3   BANK4   BANK5   BANK6   BANK7   BANK8   BANK9  BANK10  BANK11  BANK12  BANK13  BANK14  BANK15
      Params:         4       0       0       0       0       0       0       0       0       0       0       0       0       0       0       0       0
      Locals:         2       0       0       0       0       0       0       0       0       0       0       0       0       0       0       0       0
      Temps:          0       0       0       0       0       0       0       0       0       0       0       0       0       0       0       0       0
      Totals:         6       0       0       0       0       0       0       0       0       0       0       0       0       0       0       0       0
Total ram usage:        6 bytes
 Hardware stack levels used:    1
 Hardware stack levels required when called:    4
 This function calls:
		___send_cmd
 This function is called by:
		_disk_initialize
		_disk_read
		_disk_write
		_disk_ioctl
 This function uses a non-reentrant model


 *************** function ___send_cmd *****************
 Defined at:
		line 204 in file "diskio.c"
 Parameters:    Size  Location     Type
  cmd             1    wreg     unsigned char 
  arg             4    3[COMRAM] unsigned long 
 Auto vars:     Size  Location     Type
  cmd             1    9[COMRAM] unsigned char 
  n               1    8[COMRAM] unsigned char 
  res             1    7[COMRAM] unsigned char 
 Return value:  Size  Location     Type
                  1    wreg      unsigned char 
 Registers used:
		wreg, status,2, status,0, cstack
 Tracked objects:
		On entry : 
		On exit  : 
		Unchanged: 
 Data sizes:     COMRAM   BANK0   BANK1   BANK2   BANK3   BANK4   BANK5   BANK6   BANK7   BANK8   BANK9  BANK10  BANK11  BANK12  BANK13  BANK14  BANK15
      Params:         4       0       0       0       0       0       0       0       0       0       0       0       0       0       0       0       0
      Locals:         3       0       0       0       0       0       0       0       0       0       0       0       0       0       0       0       0
      Temps:          0       0       0       0       0       0       0       0       0       0       0       0       0       0       0       0       0
      Totals:         7       0       0       0       0       0       0       0       0       0       0       0       0       0       0       0       0
Total ram usage:        7 bytes
 Hardware stack levels used:    1
 Hardware stack levels required when called:    3
 This function calls:
		_SPI1_Exchange8bit
		_deselect
		_select
 This function is called by:
		_send_cmd
 This function uses a non-reentrant model


 *************** function _select *****************
 Defined at:
		line 115 in file "diskio.c"
 Parameters:    Size  Location     Type
		None
 Auto vars:     Size  Location     Type
		None
 Return value:  Size  Location     Type
                  1    wreg      unsigned char 
 Registers used:
		wreg, status,2, status,0, cstack
 Tracked objects:
		On entry : 
		On exit  : 
		Unchanged: 
 Data sizes:     COMRAM   BANK0   BANK1   BANK2   BANK3   BANK4   BANK5   BANK6   BANK7   BANK8   BANK9  BANK10  BANK11  BANK12  BANK13  BANK14  BANK15
      Params:         0       0       0       0       0       0       0       0       0       0       0       0       0       0       0       0       0
      Locals:         0       0       0       0       0       0       0       0       0       0       0       0       0       0       0       0       0
      Temps:          0       0       0       0       0       0       0       0       0       0       0       0       0       0       0       0       0
      Totals:         0       0       0       0       0       0       0       0       0       0       0       0       0       0       0       0       0
Total ram usage:        0 bytes
 Hardware stack levels used:    1
 Hardware stack levels required when called:    2
 This function calls:
		_SPI1_Exchange8bit
		_deselect
		_wait_ready
 This function is called by:
		___send_cmd
		_disk_ioctl
 This function uses a non-reentrant model


 *************** function _wait_ready *****************
 Defined at:
		line 82 in file "diskio.c"
 Parameters:    Size  Location     Type
		None
 Auto vars:     Size  Location     Type
  tmr             2    1[COMRAM] unsigned int 
 Return value:  Size  Location     Type
                  1    wreg      unsigned char 
 Registers used:
		wreg, status,2, status,0, cstack
 Tracked objects:
		On entry : 
		On exit  : 
		Unchanged: 
 Data sizes:     COMRAM   BANK0   BANK1   BANK2   BANK3   BANK4   BANK5   BANK6   BANK7   BANK8   BANK9  BANK10  BANK11  BANK12  BANK13  BANK14  BANK15
      Params:         0       0       0       0       0       0       0       0       0       0       0       0       0       0       0       0       0
      Locals:         2       0       0       0       0       0       0       0       0       0       0       0       0       0       0       0       0
      Temps:          0       0       0       0       0       0       0       0       0       0       0       0       0       0       0       0       0
      Totals:         2       0       0       0       0       0       0       0       0       0       0       0       0       0       0       0       0
Total ram usage:        2 bytes
 Hardware stack levels used:    1
 Hardware stack levels required when called:    1
 This function calls:
		_SPI1_Exchange8bit
 This function is called by:
		_select
		_xmit_datablock
 This function uses a non-reentrant model


 *************** function _deselect *****************
 Defined at:
		line 102 in file "diskio.c"
 Parameters:    Size  Location     Type
		None
 Auto vars:     Size  Location     Type
		None
 Return value:  Size  Location     Type
		None               void
 Registers used:
		wreg, status,2, cstack
 Tracked objects:
		On entry : 
		On exit  : 
		Unchanged: 
 Data sizes:     COMRAM   BANK0   BANK1   BANK2   BANK3   BANK4   BANK5   BANK6   BANK7   BANK8   BANK9  BANK10  BANK11  BANK12  BANK13  BANK14  BANK15
      Params:         0       0       0       0       0       0       0       0       0       0       0       0       0       0       0       0       0
      Locals:         0       0       0       0       0       0       0       0       0       0       0       0       0       0       0       0       0
      Temps:          0       0       0       0       0       0       0       0       0       0       0       0       0       0       0       0       0
      Totals:         0       0       0       0       0       0       0       0       0       0       0       0       0       0       0       0       0
Total ram usage:        0 bytes
 Hardware stack levels used:    1
 Hardware stack levels required when called:    1
 This function calls:
		_SPI1_Exchange8bit
 This function is called by:
		_select
		___send_cmd
		_disk_initialize
		_disk_read
		_disk_write
		_disk_ioctl
 This function uses a non-reentrant model


 *************** function _rcvr_datablock *****************
 Defined at:
		line 132 in file "diskio.c"
 Parameters:    Size  Location     Type
  buff            2    1[COMRAM] PTR unsigned char 
		 -> FatFs(558), disk_ioctl@csd(16), NULL(0), 
  btr             2    3[COMRAM] unsigned int 
 Auto vars:     Size  Location     Type
  tmr             2    5[COMRAM] unsigned int 
  token           1    7[COMRAM] unsigned char 
 Return value:  Size  Location     Type
                  1    wreg      unsigned char 
 Registers used:
		wreg, fsr2l, fsr2h, status,2, status,0, cstack
 Tracked objects:
		On entry : 
		On exit  : 
		Unchanged: 
 Data sizes:     COMRAM   BANK0   BANK1   BANK2   BANK3   BANK4   BANK5   BANK6   BANK7   BANK8   BANK9  BANK10  BANK11  BANK12  BANK13  BANK14  BANK15
      Params:         4       0       0       0       0       0       0       0       0       0       0       0       0       0       0       0       0
      Locals:         3       0       0       0       0       0       0       0       0       0       0       0       0       0       0       0       0
      Temps:          0       0       0       0       0       0       0       0       0       0       0       0       0       0       0       0       0
      Totals:         7       0       0       0       0       0       0       0       0       0       0       0       0       0       0       0       0
Total ram usage:        7 bytes
 Hardware stack levels used:    1
 Hardware stack levels required when called:    1
 This function calls:
		_SPI1_Exchange8bit
 This function is called by:
		_disk_read
		_disk_ioctl
 This function uses a non-reentrant model


 *************** function _SPI1_Exchange8bit *****************
 Defined at:
		line 90 in file "mcc_generated_files/spi1.c"
 Parameters:    Size  Location     Type
  data            1    wreg     unsigned char 
 Auto vars:     Size  Location     Type
  data            1    0[COMRAM] unsigned char 
 Return value:  Size  Location     Type
                  1    wreg      unsigned char 
 Registers used:
		wreg, status,2
 Tracked objects:
		On entry : 
		On exit  : 
		Unchanged: 
 Data sizes:     COMRAM   BANK0   BANK1   BANK2   BANK3   BANK4   BANK5   BANK6   BANK7   BANK8   BANK9  BANK10  BANK11  BANK12  BANK13  BANK14  BANK15
      Params:         0       0       0       0       0       0       0       0       0       0       0       0       0       0       0       0       0
      Locals:         1       0       0       0       0       0       0       0       0       0       0       0       0       0       0       0       0
      Temps:          0       0       0       0       0       0       0       0       0       0       0       0       0       0       0       0       0
      Totals:         1       0       0       0       0       0       0       0       0       0       0       0       0       0       0       0       0
Total ram usage:        1 bytes
 Hardware stack levels used:    1
 This function calls:
		Nothing
 This function is called by:
		_wait_ready
		_deselect
		_select
		_rcvr_datablock
		_xmit_datablock
		___send_cmd
		_disk_initialize
		_disk_ioctl
		_SPI1_Exchange8bitBuffer
 This function uses a non-reentrant model


 *************** function _SYSTEM_Initialize *****************
 Defined at:
		line 112 in file "mcc_generated_files/mcc.c"
 Parameters:    Size  Location     Type
		None
 Auto vars:     Size  Location     Type
		None
 Return value:  Size  Location     Type
		None               void
 Registers used:
		wreg, status,2, cstack
 Tracked objects:
		On entry : 
		On exit  : 
		Unchanged: 
 Data sizes:     COMRAM   BANK0   BANK1   BANK2   BANK3   BANK4   BANK5   BANK6   BANK7   BANK8   BANK9  BANK10  BANK11  BANK12  BANK13  BANK14  BANK15
      Params:         0       0       0       0       0       0       0       0       0       0       0       0       0       0       0       0       0
      Locals:         0       0       0       0       0       0       0       0       0       0       0       0       0       0       0       0       0
      Temps:          0       0       0       0       0       0       0       0       0       0       0       0       0       0       0       0       0
      Totals:         0       0       0       0       0       0       0       0       0       0       0       0       0       0       0       0       0
Total ram usage:        0 bytes
 Hardware stack levels used:    1
 Hardware stack levels required when called:    1
 This function calls:
		_OSCILLATOR_Initialize
		_PIN_MANAGER_Initialize
		_SPI1_Initialize
 This function is called by:
		_main
 This function uses a non-reentrant model


 *************** function _SPI1_Initialize *****************
 Defined at:
		line 64 in file "mcc_generated_files/spi1.c"
 Parameters:    Size  Location     Type
		None
 Auto vars:     Size  Location     Type
		None
 Return value:  Size  Location     Type
		None               void
 Registers used:
		wreg, status,2
 Tracked objects:
		On entry : 
		On exit  : 
		Unchanged: 
 Data sizes:     COMRAM   BANK0   BANK1   BANK2   BANK3   BANK4   BANK5   BANK6   BANK7   BANK8   BANK9  BANK10  BANK11  BANK12  BANK13  BANK14  BANK15
      Params:         0       0       0       0       0       0       0       0       0       0       0       0       0       0       0       0       0
      Locals:         0       0       0       0       0       0       0       0       0       0       0       0       0       0       0       0       0
      Temps:          0       0       0       0       0       0       0       0       0       0       0       0       0       0       0       0       0
      Totals:         0       0       0       0       0       0       0       0       0       0       0       0       0       0       0       0       0
Total ram usage:        0 bytes
 Hardware stack levels used:    1
 This function calls:
		Nothing
 This function is called by:
		_SYSTEM_Initialize
		_disk_initialize
 This function uses a non-reentrant model


 *************** function _PIN_MANAGER_Initialize *****************
 Defined at:
		line 50 in file "mcc_generated_files/pin_manager.c"
 Parameters:    Size  Location     Type
		None
 Auto vars:     Size  Location     Type
		None
 Return value:  Size  Location     Type
		None               void
 Registers used:
		wreg, status,2
 Tracked objects:
		On entry : 
		On exit  : 
		Unchanged: 
 Data sizes:     COMRAM   BANK0   BANK1   BANK2   BANK3   BANK4   BANK5   BANK6   BANK7   BANK8   BANK9  BANK10  BANK11  BANK12  BANK13  BANK14  BANK15
      Params:         0       0       0       0       0       0       0       0       0       0       0       0       0       0       0       0       0
      Locals:         0       0       0       0       0       0       0       0       0       0       0       0       0       0       0       0       0
      Temps:          0       0       0       0       0       0       0       0       0       0       0       0       0       0       0       0       0
      Totals:         0       0       0       0       0       0       0       0       0       0       0       0       0       0       0       0       0
Total ram usage:        0 bytes
 Hardware stack levels used:    1
 This function calls:
		Nothing
 This function is called by:
		_SYSTEM_Initialize
 This function uses a non-reentrant model


 *************** function _OSCILLATOR_Initialize *****************
 Defined at:
		line 118 in file "mcc_generated_files/mcc.c"
 Parameters:    Size  Location     Type
		None
 Auto vars:     Size  Location     Type
		None
 Return value:  Size  Location     Type
		None               void
 Registers used:
		wreg, status,2
 Tracked objects:
		On entry : 
		On exit  : 
		Unchanged: 
 Data sizes:     COMRAM   BANK0   BANK1   BANK2   BANK3   BANK4   BANK5   BANK6   BANK7   BANK8   BANK9  BANK10  BANK11  BANK12  BANK13  BANK14  BANK15
      Params:         0       0       0       0       0       0       0       0       0       0       0       0       0       0       0       0       0
      Locals:         0       0       0       0       0       0       0       0       0       0       0       0       0       0       0       0       0
      Temps:          0       0       0       0       0       0       0       0       0       0       0       0       0       0       0       0       0
      Totals:         0       0       0       0       0       0       0       0       0       0       0       0       0       0       0       0       0
Total ram usage:        0 bytes
 Hardware stack levels used:    1
 This function calls:
		Nothing
 This function is called by:
		_SYSTEM_Initialize
 This function uses a non-reentrant model



MODULE INFORMATION

Module		Function		Class		Link	Load	Size
diskio.c
		_rcvr_datablock		CODE           	6340	0000	117
		_send_cmd      		CODE           	651E	0000	71
		_disk_initializ		CODE           	4B9C	0000	533
		_disk_write    		CODE           	557A	0000	323
		_disk_status   		CODE           	66BC	0000	21
		_deselect      		CODE           	671A	0000	13
		_disk_ioctl    		CODE           	3160	0000	1219
		___send_cmd    		CODE           	6114	0000	145
		_disk_read     		CODE           	5BF2	0000	217
		_select        		CODE           	669A	0000	35
		_xmit_datablock		CODE           	61A4	0000	143
		_wait_ready    		CODE           	6564	0000	67

diskio.c estimated size: 2904

C:\Program Files (x86)\Microchip\xc8\v1.34\sources\common\Umul32.c
		___lmul        		CODE           	6426	0000	91

C:\Program Files (x86)\Microchip\xc8\v1.34\sources\common\Umul32.c estimated size: 91

ff.c
		_mem_cpy       		CODE           	5D9C	0000	197
		_find_volume   		CODE           	102A	0000	2949
		_remove_chain  		CODE           	513A	0000	375
		_f_mount       		CODE           	5F1C	0000	183
		_get_fat       		CODE           	4240	0000	903
		_get_ldnumber  		CODE           	5900	0000	281
		_st_clust      		CODE           	6648	0000	43
		_create_name   		CODE           	48E4	0000	697
		_chk_chr       		CODE           	6480	0000	87
		_create_chain  		CODE           	3E8A	0000	951
		_f_lseek       		CODE           	24E2	0000	1979
		_validate      		CODE           	607E	0000	151
		_check_fs      		CODE           	5A18	0000	243
		_f_sync        		CODE           	5424	0000	343
		_f_write       		CODE           	1BAE	0000	2357
		_mem_set       		CODE           	661A	0000	47
		_dir_alloc     		CODE           	56BC	0000	299
		_clust2sect    		CODE           	5E60	0000	189
		_put_fat       		CODE           	3A72	0000	1049
		_sync_fs       		CODE           	4DB0	0000	455
		_dir_next      		CODE           	2C9C	0000	1221
		_sync_window   		CODE           	52B0	0000	373
		_dir_register  		CODE           	5B0A	0000	233
		_dir_find      		CODE           	57E6	0000	283
		_f_open        		CODE           	3622	0000	1105
		_mem_cmp       		CODE           	63B4	0000	115
		_f_close       		CODE           	65A6	0000	61
		_dir_sdi       		CODE           	45C6	0000	799
		_follow_path   		CODE           	4F76	0000	453
		_ld_clust      		CODE           	62BE	0000	131
		_move_window   		CODE           	5FD2	0000	173

ff.c estimated size: 18725

mcc_generated_files/pin_manager.c
		_PIN_MANAGER_In		CODE           	64D6	0000	73

mcc_generated_files/pin_manager.c estimated size: 73

mcc_generated_files/spi1.c
		_SPI1_Open     		CODE           	66E2	0000	15
		_SPI1_Initializ		CODE           	66FE	0000	15
		_SPI1_Exchange8		CODE           	66D0	0000	19

mcc_generated_files/spi1.c estimated size: 49

shared
		__initializatio		CODE           	65E2	0000	51

shared estimated size: 51

mcc_generated_files/mcc.c
		_OSCILLATOR_Ini		CODE           	670C	0000	15
		_SYSTEM_Initial		CODE           	66F0	0000	15

mcc_generated_files/mcc.c estimated size: 30

C:\Program Files (x86)\Microchip\xc8\v1.34\sources\common\lldiv.c
		___lldiv       		CODE           	6232	0000	141

C:\Program Files (x86)\Microchip\xc8\v1.34\sources\common\lldiv.c estimated size: 141

main.c
		_main          		CODE           	5CCA	0000	211

main.c estimated size: 211

C:\Program Files (x86)\Microchip\xc8\v1.34\sources\common\Umul16.c
		___wmul        		CODE           	6672	0000	41

C:\Program Files (x86)\Microchip\xc8\v1.34\sources\common\Umul16.c estimated size: 41

